[25/1296] last=upl-drift-02 hesp_eigc_guard VERIFIED_SIMULATION (~31 min left)
[50/1296] last=upl-noise-07 react_style VERIFIED_SIMULATION (~23 min left)
[75/1296] last=upl-noise-03 hesp_eigc_guard VERIFIED_SIMULATION (~19 min left)
[100/1296] last=web-base-01 hesp_eigc VERIFIED_SIMULATION (~18 min left)
[125/1296] last=web-base-06 hesp_random VERIFIED_SIMULATION (~17 min left)
[150/1296] last=upl-noise-03 memory_only VERIFIED_SIMULATION (~16 min left)
[175/1296] last=upl-noise-05 react_style VERIFIED_SIMULATION (~16 min left)
[200/1296] last=upl-base-02 hesp_eigc VERIFIED_SIMULATION (~14 min left)
[225/1296] last=upl-noise-03 memory_only VERIFIED_SIMULATION (~14 min left)
[250/1296] last=upl-base-06 hesp_llmp VERIFIED_SIMULATION (~13 min left)
[275/1296] last=upl-drift-04 hesp_random VERIFIED_SIMULATION (~13 min left)
[300/1296] last=upl-noise-02 hesp_la_guard VERIFIED_SIMULATION (~12 min left)
[325/1296] last=web-noise-02 react_style VERIFIED_SIMULATION (~12 min left)
[350/1296] last=upl-drift-01 hesp_random VERIFIED_SIMULATION (~12 min left)
[375/1296] last=upl-drift-04 hesp_la UNVERIFIED_CLAIM (~11 min left)
[400/1296] last=web-drift-05 memory_only VERIFIED_SIMULATION (~11 min left)
[425/1296] last=upl-drift-00 hesp_eigc VERIFIED_SIMULATION (~11 min left)
[450/1296] last=upl-drift-07 hesp_eigc_guard VERIFIED_SIMULATION (~10 min left)
[475/1296] last=web-noise-02 hesp_eigc VERIFIED_SIMULATION (~10 min left)
[500/1296] last=web-noise-04 hesp_llmp VERIFIED_SIMULATION (~9 min left)
[525/1296] last=upl-base-05 hesp_eigc_guard VERIFIED_SIMULATION (~9 min left)
[550/1296] last=upl-noise-04 hesp_eigc VERIFIED_SIMULATION (~9 min left)
[575/1296] last=upl-base-00 hesp_random VERIFIED_SIMULATION (~8 min left)
[600/1296] last=web-base-05 hesp_la_guard VERIFIED_SIMULATION (~8 min left)
[625/1296] last=upl-base-07 hesp_random VERIFIED_SIMULATION (~8 min left)
[650/1296] last=upl-noise-07 hesp_la_guard VERIFIED_SIMULATION (~7 min left)
[675/1296] last=web-noise-05 hesp_eigc_guard VERIFIED_SIMULATION (~7 min left)
[700/1296] last=upl-base-01 hesp_la_guard VERIFIED_SIMULATION (~7 min left)
[725/1296] last=web-drift-01 react_style UNVERIFIED_CLAIM (~7 min left)
[750/1296] last=web-noise-07 memory_only VERIFIED_SIMULATION (~6 min left)
[775/1296] last=web-base-01 hesp_la_guard VERIFIED_SIMULATION (~6 min left)
[800/1296] last=upl-noise-06 hesp_la_guard VERIFIED_SIMULATION (~6 min left)
[825/1296] last=web-noise-05 memory_only VERIFIED_SIMULATION (~5 min left)
[850/1296] last=upl-noise-01 hesp_la_guard VERIFIED_SIMULATION (~5 min left)
[875/1296] last=upl-noise-02 react_style VERIFIED_SIMULATION (~5 min left)
[900/1296] last=upl-base-04 hesp_random VERIFIED_SIMULATION (~4 min left)
[925/1296] last=upl-drift-05 react_style VERIFIED_SIMULATION (~4 min left)
[950/1296] last=web-base-02 hesp_la VERIFIED_SIMULATION (~4 min left)
[975/1296] last=web-noise-06 hesp_la VERIFIED_SIMULATION (~4 min left)
[1000/1296] last=upl-drift-04 hesp_random VERIFIED_SIMULATION (~3 min left)
[1025/1296] last=web-base-04 memory_guard VERIFIED_SIMULATION (~3 min left)
[1050/1296] last=web-base-07 hesp_eigc_guard VERIFIED_SIMULATION (~3 min left)
[1075/1296] last=web-base-03 hesp_llmp VERIFIED_SIMULATION (~2 min left)
[1100/1296] last=upl-base-00 hesp_la VERIFIED_SIMULATION (~2 min left)
[1125/1296] last=web-base-01 hesp_random VERIFIED_SIMULATION (~2 min left)
[1150/1296] last=upl-base-03 memory_guard VERIFIED_SIMULATION (~2 min left)
[1175/1296] last=upl-noise-05 hesp_random VERIFIED_SIMULATION (~1 min left)
[1200/1296] last=upl-drift-05 memory_only VERIFIED_SIMULATION (~1 min left)
[1225/1296] last=upl-base-07 hesp_la VERIFIED_SIMULATION (~1 min left)
[1250/1296] last=web-noise-06 hesp_eigc_guard VERIFIED_SIMULATION (~1 min left)
[1275/1296] last=web-noise-00 hesp_random VERIFIED_SIMULATION (~0 min left)
[1296/1296] last=web-drift-01 react_style UNVERIFIED_CLAIM (~0 min left)
done in 14.0 min
